// Jest Snapshot v1, https://goo.gl/fbAQLP

exports[`<Map/> component should match snapshot 1`] = `
<Styled(Map)
  center={
    Array [
      45,
      25,
    ]
  }
  zoom={4}
>
  <ForwardRef(Leaflet(TileLayer))
    attribution="Â© <a href=\\"http://osm.org/copyright\\">OpenStreetMap</a> contributors"
    url="http://{s}.tile.osm.org/{z}/{x}/{y}.png"
  />
  <ForwardRef(Leaflet(Marker))
    key="someUrl"
    position={
      Array [
        12.13,
        12.12,
      ]
    }
  >
    <ForwardRef(Leaflet(Popup))>
      fileName.jpg
    </ForwardRef(Leaflet(Popup))>
  </ForwardRef(Leaflet(Marker))>
  <ForwardRef(Leaflet(Marker))
    key="secondUrl"
    position={
      Array [
        50,
        13,
      ]
    }
  >
    <ForwardRef(Leaflet(Popup))>
      DESC414.jpg
    </ForwardRef(Leaflet(Popup))>
  </ForwardRef(Leaflet(Marker))>
</Styled(Map)>
`;
